[INFO] Loading rosbag from: ./n7/ (Filtering logical_id=12)...
[INFO] 取得したサンプル数: 13971 件

============================================================
 📊 ドリブルローラー電流データ 統計解析レポート
============================================================
 総サンプル数     : 13,851 点
 🌀 空転時 (No Ball) : 平均 1.369 A | 標準偏差 ±1.098 A (Max: 3.00 A)
 ⚽ 保持時 (Has Ball): 平均 4.826 A | 標準偏差 ±1.008 A (Min: 3.10 A)
 ⚖️ 大津の判別境界  : 3.096 A
------------------------------------------------------------
 🎯 推奨 YAML パラメータ (dribble_controller.yaml):
    ball_detection_threshold_a: 3.86   # 検知閾値 [A]
    ball_lost_threshold_a:      3.56   # 解除閾値 [A]
============================================================

📈 電流値 分布ヒストグラム:
 [ 0.0A -  0.8A] ███████████████████████                  (1524)
 [ 0.8A -  1.5A] ███████                                  ( 520)
 [ 1.5A -  2.3A] █████████████                            ( 876)
 [ 2.3A -  3.0A] ███████████████████                      (1247)
 [ 3.0A -  3.8A] ███████████████████████                  (1509) ◄─ T_lost
 [ 3.8A -  4.5A] ████████████████████████████████████     (2412) ◄─ T_detect
 [ 4.5A -  5.3A] ████████████████████████████████████████ (2615)
 [ 5.3A -  6.0A] █████████████████████████████████        (2186)
 [ 6.0A -  6.8A] ██████████                               ( 718)
 [ 6.8A -  7.6A] ██                                       ( 170)
 [ 7.6A -  8.3A]                                          (  37)
 [ 8.3A -  9.1A]                                          (  14)
 [ 9.1A -  9.8A]                                          (   9)
 [ 9.8A - 10.6A]                                          (   2)
 [10.6A - 11.3A]                                          (   2)
 [11.3A - 12.1A]                                          (   0)
 [12.1A - 12.8A]                                          (   5)
 [12.8A - 13.6A]                                          (   3)
 [13.6A - 14.3A]                                          (   1)
 [14.3A - 15.1A]                                          (   1)
[INFO] [1787246321.800346114] [rosbag2_storage]: Opened database './n7/n7_0.db3' for READ_ONLY.
