[INFO] Loading rosbag from: ./n8/ (Filtering logical_id=12)...
[INFO] 取得したサンプル数: 14598 件

============================================================
 📊 ドリブルローラー電流データ 統計解析レポート
============================================================
 総サンプル数     : 14,529 点
 🌀 空転時 (No Ball) : 平均 1.532 A | 標準偏差 ±1.113 A (Max: 3.10 A)
 ⚽ 保持時 (Has Ball): 平均 4.835 A | 標準偏差 ±0.947 A (Min: 3.20 A)
 ⚖️ 大津の判別境界  : 3.186 A
------------------------------------------------------------
 🎯 推奨 YAML パラメータ (dribble_controller.yaml):
    ball_detection_threshold_a: 4.06   # 検知閾値 [A]
    ball_lost_threshold_a:      3.76   # 解除閾値 [A]
============================================================

📈 電流値 分布ヒストグラム:
 [ 0.0A -  0.5A] ███████████████████████                  (1283)
 [ 0.5A -  1.1A] █████                                    ( 283)
 [ 1.1A -  1.6A] ████████                                 ( 484)
 [ 1.6A -  2.2A] ███████████                              ( 640)
 [ 2.2A -  2.7A] ████████████████                         ( 913)
 [ 2.7A -  3.2A] ███████████████████                      (1043)
 [ 3.2A -  3.8A] ██████████████████████                   (1210) ◄─ T_lost
 [ 3.8A -  4.3A] █████████████████████████████████        (1821) ◄─ T_detect
 [ 4.3A -  4.9A] ████████████████████████████████████████ (2174)
 [ 4.9A -  5.4A] ███████████████████████████████          (1727)
 [ 5.4A -  5.9A] ███████████████████████████████          (1739)
 [ 5.9A -  6.5A] ██████████████                           ( 798)
 [ 6.5A -  7.0A] █████                                    ( 291)
 [ 7.0A -  7.6A] █                                        (  58)
 [ 7.6A -  8.1A]                                          (  21)
 [ 8.1A -  8.6A]                                          (  19)
 [ 8.6A -  9.2A]                                          (   7)
 [ 9.2A -  9.7A]                                          (  10)
 [ 9.7A - 10.3A]                                          (   3)
 [10.3A - 10.8A]                                          (   5)
[INFO] [1787246539.319116923] [rosbag2_storage]: Opened database './n8/n8_0.db3' for READ_ONLY.
