[INFO] Loading rosbag from: ../plastic/n4/n4_0.db3 (Filtering logical_id=12)...
[INFO] 取得したサンプル数: 15822 件

============================================================
 📊 ドリブルローラー電流データ 統計解析レポート
============================================================
 総サンプル数     : 15,778 点
 🌀 空転時 (No Ball) : 平均 2.696 A | 標準偏差 ±0.974 A (Max: 4.00 A)
 ⚽ 保持時 (Has Ball): 平均 5.418 A | 標準偏差 ±1.167 A (Min: 4.10 A)
 ⚖️ 大津の判別境界  : 4.024 A
------------------------------------------------------------
 🎯 推奨 YAML パラメータ (dribble_controller.yaml):
    ball_detection_threshold_a: 4.94   # 検知閾値 [A]
    ball_lost_threshold_a:      4.64   # 解除閾値 [A]
============================================================

📈 電流値 分布ヒストグラム:
 [ 0.1A -  0.9A] ███                                      ( 392)
 [ 0.9A -  1.8A] ███████                                  ( 742)
 [ 1.8A -  2.6A] ███████████████                          (1590)
 [ 2.6A -  3.4A] ██████████████                           (1536)
 [ 3.4A -  4.3A] ██████████████████████                   (2402)
 [ 4.3A -  5.1A] ████████████████████████████████████████ (4215) ◄─ T_lost ◄─ T_detect
 [ 5.1A -  5.9A] ██████████████████████████               (2802)
 [ 5.9A -  6.8A] █████████████                            (1462)
 [ 6.8A -  7.6A] ██                                       ( 302)
 [ 7.6A -  8.4A]                                          (  93)
 [ 8.4A -  9.3A]                                          (  67)
 [ 9.3A - 10.1A]                                          (  51)
 [10.1A - 11.0A]                                          (  43)
 [11.0A - 11.8A]                                          (  22)
 [11.8A - 12.6A]                                          (  27)
 [12.6A - 13.5A]                                          (  13)
 [13.5A - 14.3A]                                          (   8)
 [14.3A - 15.1A]                                          (   5)
 [15.1A - 16.0A]                                          (   3)
 [16.0A - 16.8A]                                          (   3)

closing.

closing.
[INFO] [1787245679.030570603] [rosbag2_storage]: Opened database '../plastic/n4/n4_0.db3' for READ_ONLY.
