[INFO] Loading rosbag from: rosbag2_2026_08_20-23_39_37/rosbag2_2026_08_20-23_39_37_0.db3 (Filtering logical_id=12)...
[INFO] 取得したサンプル数: 9553 件

============================================================
 📊 ドリブルローラー電流データ 統計解析レポート
============================================================
 総サンプル数     : 9,489 点
 🌀 空転時 (No Ball) : 平均 4.352 A | 標準偏差 ±1.542 A (Max: 8.10 A)
 ⚽ 保持時 (Has Ball): 平均 11.947 A | 標準偏差 ±3.018 A (Min: 8.20 A)
 ⚖️ 大津の判別境界  : 8.136 A
------------------------------------------------------------
 🎯 推奨 YAML パラメータ (dribble_controller.yaml):
    ball_detection_threshold_a: 8.14   # 検知閾値 [A]
    ball_lost_threshold_a:      7.44   # 解除閾値 [A]
============================================================

📈 電流値 分布ヒストグラム:
 [ 0.2A -  1.5A] █████                                    ( 480)
 [ 1.5A -  2.9A] ███████████████                          (1274)
 [ 2.9A -  4.2A] ███████████████████████                  (1966)
 [ 4.2A -  5.6A] ████████████████████████████████████████ (3284)
 [ 5.6A -  6.9A] ███████████████████████                  (1896)
 [ 6.9A -  8.3A] ██                                       ( 211) ◄─ T_lost ◄─ T_detect
 [ 8.3A -  9.6A] █                                        ( 107)
 [ 9.6A - 11.0A]                                          (  60)
 [11.0A - 12.3A]                                          (  52)
 [12.3A - 13.7A]                                          (  47)
 [13.7A - 15.0A]                                          (  48)
 [15.0A - 16.3A]                                          (  39)
 [16.3A - 17.7A]                                          (  10)
 [17.7A - 19.0A]                                          (  10)
 [19.0A - 20.4A]                                          (   1)
 [20.4A - 21.7A]                                          (   0)
 [21.7A - 23.1A]                                          (   1)
 [23.1A - 24.4A]                                          (   1)
 [24.4A - 25.8A]                                          (   0)
 [25.8A - 27.1A]                                          (   2)

closing.

closing.
[INFO] [1787240854.960889015] [rosbag2_storage]: Opened database 'rosbag2_2026_08_20-23_39_37/rosbag2_2026_08_20-23_39_37_0.db3' for READ_ONLY.
