[INFO] Loading rosbag from: ./n6/ (Filtering logical_id=12)...
[INFO] 取得したサンプル数: 13151 件

============================================================
 📊 ドリブルローラー電流データ 統計解析レポート
============================================================
 総サンプル数     : 13,066 点
 🌀 空転時 (No Ball) : 平均 1.148 A | 標準偏差 ±1.103 A (Max: 2.90 A)
 ⚽ 保持時 (Has Ball): 平均 4.790 A | 標準偏差 ±0.965 A (Min: 3.00 A)
 ⚖️ 大津の判別境界  : 2.961 A
------------------------------------------------------------
 🎯 推奨 YAML パラメータ (dribble_controller.yaml):
    ball_detection_threshold_a: 3.65   # 検知閾値 [A]
    ball_lost_threshold_a:      3.35   # 解除閾値 [A]
============================================================

📈 電流値 分布ヒストグラム:
 [ 0.0A -  0.5A] ████████████████████████████████████████ (1838)
 [ 0.5A -  0.9A] ████                                     ( 218)
 [ 0.9A -  1.4A] ██████                                   ( 282)
 [ 1.4A -  1.9A] ████████                                 ( 379)
 [ 1.9A -  2.3A] ███████████████                          ( 690)
 [ 2.3A -  2.8A] ███████████████                          ( 713)
 [ 2.8A -  3.3A] ████████████                             ( 578)
 [ 3.3A -  3.8A] █████████████████████                    (1008) ◄─ T_lost ◄─ T_detect
 [ 3.8A -  4.2A] ██████████████████████████               (1209)
 [ 4.2A -  4.7A] ████████████████████████████             (1317)
 [ 4.7A -  5.2A] ███████████████████████████████████████  (1802)
 [ 5.2A -  5.6A] ██████████████████████████               (1219)
 [ 5.6A -  6.1A] █████████████████████████                (1159)
 [ 6.1A -  6.6A] ███████                                  ( 362)
 [ 6.6A -  7.0A] ████                                     ( 184)
 [ 7.0A -  7.5A] █                                        (  59)
 [ 7.5A -  8.0A]                                          (  23)
 [ 8.0A -  8.5A]                                          (  19)
 [ 8.5A -  8.9A]                                          (   3)
 [ 8.9A -  9.4A]                                          (   4)
[INFO] [1787246102.020563529] [rosbag2_storage]: Opened database './n6/n6_0.db3' for READ_ONLY.
