[INFO] Loading rosbag from: ./n2/n2_0.db3 (Filtering logical_id=12)...
[INFO] 取得したサンプル数: 9661 件

============================================================
 📊 ドリブルローラー電流データ 統計解析レポート
============================================================
 総サンプル数     : 9,602 点
 🌀 空転時 (No Ball) : 平均 2.725 A | 標準偏差 ±1.003 A (Max: 4.10 A)
 ⚽ 保持時 (Has Ball): 平均 5.739 A | 標準偏差 ±1.855 A (Min: 4.20 A)
 ⚖️ 大津の判別境界  : 4.188 A
------------------------------------------------------------
 🎯 推奨 YAML パラメータ (dribble_controller.yaml):
    ball_detection_threshold_a: 5.03   # 検知閾値 [A]
    ball_lost_threshold_a:      4.73   # 解除閾値 [A]
============================================================

📈 電流値 分布ヒストグラム:
 [ 0.2A -  1.6A] ██████                                   ( 543)
 [ 1.6A -  3.0A] ███████████████                          (1399)
 [ 3.0A -  4.3A] ███████████████████████                  (2078)
 [ 4.3A -  5.7A] ████████████████████████████████████████ (3538) ◄─ T_lost ◄─ T_detect
 [ 5.7A -  7.1A] █████████████████                        (1532)
 [ 7.1A -  8.5A] ██                                       ( 205)
 [ 8.5A -  9.8A] █                                        ( 104)
 [ 9.8A - 11.2A]                                          (  59)
 [11.2A - 12.6A]                                          (  35)
 [12.6A - 14.0A]                                          (  35)
 [14.0A - 15.3A]                                          (  21)
 [15.3A - 16.7A]                                          (  14)
 [16.7A - 18.1A]                                          (  22)
 [18.1A - 19.5A]                                          (   8)
 [19.5A - 20.8A]                                          (   1)
 [20.8A - 22.2A]                                          (   3)
 [22.2A - 23.6A]                                          (   1)
 [23.6A - 25.0A]                                          (   2)
 [25.0A - 26.3A]                                          (   0)
 [26.3A - 27.7A]                                          (   2)

closing.

closing.
[INFO] [1787241297.632354617] [rosbag2_storage]: Opened database './n2/n2_0.db3' for READ_ONLY.
