[INFO] Loading rosbag from: ../plastic/n3/n3_0.db3 (Filtering logical_id=12)...
[INFO] 取得したサンプル数: 1340 件

============================================================
 📊 ドリブルローラー電流データ 統計解析レポート
============================================================
 総サンプル数     : 1,340 点
 🌀 空転時 (No Ball) : 平均 2.177 A | 標準偏差 ±0.873 A (Max: 3.40 A)
 ⚽ 保持時 (Has Ball): 平均 4.728 A | 標準偏差 ±0.710 A (Min: 3.50 A)
 ⚖️ 大津の判別境界  : 3.472 A
------------------------------------------------------------
 🎯 推奨 YAML パラメータ (dribble_controller.yaml):
    ball_detection_threshold_a: 4.22   # 検知閾値 [A]
    ball_lost_threshold_a:      3.92   # 解除閾値 [A]
============================================================

📈 電流値 分布ヒストグラム:
 [ 0.2A -  0.6A] ████                                     (  26)
 [ 0.6A -  1.0A] ███████                                  (  38)
 [ 1.0A -  1.5A] ██████████                               (  57)
 [ 1.5A -  1.9A] █████████                                (  49)
 [ 1.9A -  2.3A] █████████████                            (  69)
 [ 2.3A -  2.7A] ████████████████                         (  84)
 [ 2.7A -  3.2A] ███████████████                          (  83)
 [ 3.2A -  3.6A] ████████████████████████                 ( 128)
 [ 3.6A -  4.0A] ███████████████████████                  ( 123) ◄─ T_lost
 [ 4.0A -  4.4A] ██████████████████                       (  99) ◄─ T_detect
 [ 4.4A -  4.9A] ██████████████████████████████████████   ( 203)
 [ 4.9A -  5.3A] ████████████████████████████████████████ ( 209)
 [ 5.3A -  5.7A] █████████████████████                    ( 111)
 [ 5.7A -  6.1A] ███████                                  (  38)
 [ 6.1A -  6.6A] ███                                      (  16)
 [ 6.6A -  7.0A]                                          (   3)
 [ 7.0A -  7.4A]                                          (   1)
 [ 7.4A -  7.8A]                                          (   1)
 [ 7.8A -  8.3A]                                          (   1)
 [ 8.3A -  8.7A]                                          (   1)

closing.

closing.
[INFO] [1787245694.462987185] [rosbag2_storage]: Opened database '../plastic/n3/n3_0.db3' for READ_ONLY.
