[INFO] Loading rosbag from: ./n1/n1_0.db3 (Filtering logical_id=12)...
[INFO] 取得したサンプル数: 15636 件

============================================================
 📊 ドリブルローラー電流データ 統計解析レポート
============================================================
 総サンプル数     : 15,527 点
 🌀 空転時 (No Ball) : 平均 4.347 A | 標準偏差 ±1.511 A (Max: 8.00 A)
 ⚽ 保持時 (Has Ball): 平均 11.892 A | 標準偏差 ±3.315 A (Min: 8.10 A)
 ⚖️ 大津の判別境界  : 8.075 A
------------------------------------------------------------
 🎯 推奨 YAML パラメータ (dribble_controller.yaml):
    ball_detection_threshold_a: 8.08   # 検知閾値 [A]
    ball_lost_threshold_a:      7.37   # 解除閾値 [A]
============================================================

📈 電流値 分布ヒストグラム:
 [ 0.1A -  1.6A] █████                                    ( 756)
 [ 1.6A -  3.0A] ████████████████                         (2369)
 [ 3.0A -  4.5A] ████████████████████████                 (3610)
 [ 4.5A -  5.9A] ████████████████████████████████████████ (5918)
 [ 5.9A -  7.4A] ██████████████                           (2161)
 [ 7.4A -  8.8A] █                                        ( 213) ◄─ T_lost ◄─ T_detect
 [ 8.8A - 10.3A]                                          ( 135)
 [10.3A - 11.7A]                                          ( 115)
 [11.7A - 13.2A]                                          (  74)
 [13.2A - 14.6A]                                          (  73)
 [14.6A - 16.1A]                                          (  43)
 [16.1A - 17.5A]                                          (  24)
 [17.5A - 19.0A]                                          (  14)
 [19.0A - 20.4A]                                          (   9)
 [20.4A - 21.9A]                                          (   7)
 [21.9A - 23.3A]                                          (   2)
 [23.3A - 24.8A]                                          (   0)
 [24.8A - 26.2A]                                          (   0)
 [26.2A - 27.7A]                                          (   0)
 [27.7A - 29.1A]                                          (   4)

closing.

closing.
[INFO] [1787245437.274240389] [rosbag2_storage]: Opened database './n1/n1_0.db3' for READ_ONLY.
