[INFO] Loading rosbag from: ./n5/n5_0.db3 (Filtering logical_id=12)...
[INFO] 取得したサンプル数: 14841 件

============================================================
 📊 ドリブルローラー電流データ 統計解析レポート
============================================================
 総サンプル数     : 14,743 点
 🌀 空転時 (No Ball) : 平均 2.754 A | 標準偏差 ±0.997 A (Max: 4.10 A)
 ⚽ 保持時 (Has Ball): 平均 5.614 A | 標準偏差 ±1.855 A (Min: 4.20 A)
 ⚖️ 大津の判別境界  : 4.190 A
------------------------------------------------------------
 🎯 推奨 YAML パラメータ (dribble_controller.yaml):
    ball_detection_threshold_a: 5.05   # 検知閾値 [A]
    ball_lost_threshold_a:      4.75   # 解除閾値 [A]
============================================================

📈 電流値 分布ヒストグラム:
 [ 0.0A -  1.4A] █████                                    ( 750)
 [ 1.4A -  2.9A] ██████████████                           (2105)
 [ 2.9A -  4.3A] █████████████████████████                (3637)
 [ 4.3A -  5.8A] ████████████████████████████████████████ (5730) ◄─ T_lost ◄─ T_detect
 [ 5.8A -  7.2A] █████████████                            (1975)
 [ 7.2A -  8.7A] █                                        ( 180)
 [ 8.7A - 10.1A]                                          (  83)
 [10.1A - 11.6A]                                          (  54)
 [11.6A - 13.0A]                                          (  66)
 [13.0A - 14.4A]                                          (  56)
 [14.4A - 15.9A]                                          (  38)
 [15.9A - 17.3A]                                          (  34)
 [17.3A - 18.8A]                                          (  15)
 [18.8A - 20.2A]                                          (   8)
 [20.2A - 21.7A]                                          (   4)
 [21.7A - 23.1A]                                          (   0)
 [23.1A - 24.6A]                                          (   2)
 [24.6A - 26.0A]                                          (   3)
 [26.0A - 27.5A]                                          (   2)
 [27.5A - 28.9A]                                          (   1)

closing.

closing.
[INFO] [1787243766.380409023] [rosbag2_storage]: Opened database './n5/n5_0.db3' for READ_ONLY.
